PS C:\Users\pcklu\Kadai> mkdir git_challenge


    ディレクトリ: C:\Users\pcklu\Kadai


Mode                 LastWriteTime         Length Name
----                 -------------         ------ ----
d-----        2024/03/31     11:15                git_challenge


PS C:\Users\pcklu\Kadai> cd git_challenge
PS C:\Users\pcklu\Kadai\git_challenge> echo "Hello,world!" > hello_world.txt
PS C:\Users\pcklu\Kadai\git_challenge> git add hello_world.txt
fatal: not a git repository (or any of the parent directories): .git
PS C:\Users\pcklu\Kadai\git_challenge> git init
Initialized empty Git repository in C:/Users/pcklu/Kadai/git_challenge/.git/
PS C:\Users\pcklu\Kadai\git_challenge> git add hello_world.txt
PS C:\Users\pcklu\Kadai\git_challenge> git commit -u "hello_worldを追加"
error: pathspec 'hello_world繧定ｿｽ蜉' did not match any file(s) known to git
PS C:\Users\pcklu\Kadai\git_challenge> git commit -m "hello_world.txtを追加"
[main (root-commit) 2639af9] hello_world.txt繧定ｿｽ蜉
 1 file changed, 0 insertions(+), 0 deletions(-)
 create mode 100644 hello_world.txt
PS C:\Users\pcklu\Kadai\git_challenge> echo "こんにちは、世界！" >> hello_world.txt
PS C:\Users\pcklu\Kadai\git_challenge> git add hello_world.txt 
PS C:\Users\pcklu\Kadai\git_challenge> git commit -m "日本語訳を追記"  
[main ef2e448] 譌･譛ｬ隱櫁ｨｳ繧定ｿｽ險
 1 file changed, 0 insertions(+), 0 deletions(-)
PS C:\Users\pcklu\Kadai\git_challenge> git log --oneline 
ef2e448 (HEAD -> main) 日本語訳を追記
2639af9 hello_world.txtを追加
PS C:\Users\pcklu\Kadai\git_challenge> 